// Jest Snapshot v1, https://goo.gl/fbAQLP

exports[`renders with different design parameter and state variable constraint violations 1`] = `
Array [
  <nav
    className="navbar navbar-expand-md navbar-light bg-inverse"
>
    <a
        className="navbar-brand"
    >
        <img
            alt="Open Design Optimization Platform (ODOP) icon"
            src="favicon.ico"
        />
        ODOP
    </a>
    <button
        className="navbar-toggler"
        onClick={[Function]}
        type="button"
    >
        <span
            className="navbar-toggler-icon"
        />
    </button>
    <div
        className="collapse navbar-collapse"
        style={Object {}}
    >
        <ul
            className="mr-auto navbar-nav"
        >
            <li
                className="dropdown nav-item"
                onKeyDown={[Function]}
            >
                <a
                    aria-expanded={false}
                    aria-haspopup={true}
                    className="nav-link"
                    href="#"
                    onClick={[Function]}
                >
                    File
                </a>
                <div
                    aria-hidden={true}
                    className="dropdown-menu dropdown-menu-right"
                    role="menu"
                    tabIndex="-1"
                    x-placement={undefined}
                >
                    <button
                        className="dropdown-item"
                        onClick={[Function]}
                        tabIndex="0"
                        type="button"
                    >
                        Open
                    </button>
                    <button
                        className="dropdown-item"
                        onClick={[Function]}
                        tabIndex="0"
                        type="button"
                    >
                        Save
                    </button>
                    <button
                        className="dropdown-item"
                        onClick={[Function]}
                        tabIndex="0"
                        type="button"
                    >
                        Save As
                    </button>
                    <button
                        className="dropdown-item"
                        onClick={[Function]}
                        tabIndex="0"
                        type="button"
                    >
                        Delete
                    </button>
                    <div
                        className="dropdown-divider"
                        onClick={[Function]}
                        tabIndex="-1"
                        type={undefined}
                    />
                    <button
                        className="dropdown-item"
                        onClick={[Function]}
                        tabIndex="0"
                        type="button"
                    >
                        Recent
                    </button>
                    <div
                        className="dropdown-divider"
                        onClick={[Function]}
                        tabIndex="-1"
                        type={undefined}
                    />
                    <button
                        className="dropdown-item"
                        onClick={[Function]}
                        tabIndex="0"
                        type="button"
                    >
                        Preferences
                    </button>
                    <button
                        className="dropdown-item"
                        onClick={[Function]}
                        tabIndex="0"
                        type="button"
                    >
                        Properties
                    </button>
                </div>
            </li>
            <li
                className="dropdown nav-item"
                onKeyDown={[Function]}
            >
                <a
                    aria-expanded={false}
                    aria-haspopup={true}
                    className="nav-link"
                    href="#"
                    onClick={[Function]}
                >
                    Action
                </a>
                <div
                    aria-hidden={true}
                    className="dropdown-menu dropdown-menu-right"
                    role="menu"
                    tabIndex="-1"
                    x-placement={undefined}
                >
                    <button
                        className="dropdown-item"
                        onClick={[Function]}
                        tabIndex="0"
                        type="button"
                    >
                        Search
                    </button>
                    <button
                        className="dropdown-item"
                        onClick={[Function]}
                        tabIndex="0"
                        type="button"
                    >
                        Seek
                    </button>
                    <button
                        className="dropdown-item"
                        onClick={[Function]}
                        tabIndex="0"
                        type="button"
                    >
                        Trade
                    </button>
                    <div
                        className="dropdown-divider"
                        onClick={[Function]}
                        tabIndex="-1"
                        type={undefined}
                    />
                    <button
                        className="dropdown-item"
                        onClick={[Function]}
                        tabIndex="0"
                        type="button"
                    >
                        Select Size
                    </button>
                    <button
                        className="dropdown-item"
                        onClick={[Function]}
                        tabIndex="0"
                        type="button"
                    >
                        Select Catalog
                    </button>
                    <div
                        className="dropdown-divider"
                        onClick={[Function]}
                        tabIndex="-1"
                        type={undefined}
                    />
                    <button
                        className="dropdown-item"
                        onClick={[Function]}
                        tabIndex="0"
                        type="button"
                    >
                        Execute
                    </button>
                </div>
            </li>
            <li
                className="dropdown nav-item"
                onKeyDown={[Function]}
            >
                <a
                    aria-expanded={false}
                    aria-haspopup={true}
                    className="nav-link"
                    href="#"
                    onClick={[Function]}
                >
                    View
                </a>
                <div
                    aria-hidden={true}
                    className="dropdown-menu dropdown-menu-right"
                    role="menu"
                    tabIndex="-1"
                    x-placement={undefined}
                >
                    <button
                        className="dropdown-item"
                        onClick={[Function]}
                        tabIndex="0"
                        type="button"
                    >
                        Define  Sub-Problems
                    </button>
                    <button
                        className="dropdown-item"
                        onClick={[Function]}
                        tabIndex="0"
                        type="button"
                    >
                        Display Sub-Problems
                    </button>
                    <div
                        className="dropdown-divider"
                        onClick={[Function]}
                        tabIndex="-1"
                        type={undefined}
                    />
                    <button
                        className="dropdown-item"
                        onClick={[Function]}
                        tabIndex="0"
                        type="button"
                    >
                        Report
                    </button>
                    <div
                        className="dropdown-divider"
                        onClick={[Function]}
                        tabIndex="-1"
                        type={undefined}
                    />
                    <button
                        className="dropdown-item"
                        onClick={[Function]}
                        tabIndex="0"
                        type="button"
                    >
                        Calculation Inputs
                    </button>
                    <button
                        className="dropdown-item"
                        onClick={[Function]}
                        tabIndex="0"
                        type="button"
                    >
                        Violations
                    </button>
                </div>
            </li>
            <li
                className="dropdown nav-item"
                onKeyDown={[Function]}
            >
                <a
                    aria-expanded={false}
                    aria-haspopup={true}
                    className="nav-link"
                    href="#"
                    onClick={[Function]}
                >
                    Help
                </a>
                <div
                    aria-hidden={true}
                    className="dropdown-menu dropdown-menu-right"
                    role="menu"
                    tabIndex="-1"
                    x-placement={undefined}
                >
                    <button
                        className="dropdown-item"
                        onClick={[Function]}
                        tabIndex="0"
                        type="button"
                    >
                        Context Help
                    </button>
                    <button
                        className="dropdown-item"
                        onClick={[Function]}
                        tabIndex="0"
                        type="button"
                    >
                        Index
                    </button>
                    <button
                        className="dropdown-item"
                        onClick={[Function]}
                        tabIndex="0"
                        type="button"
                    >
                        Demo
                    </button>
                    <button
                        className="dropdown-item"
                        onClick={[Function]}
                        tabIndex="0"
                        type="button"
                    >
                        Tutorial
                    </button>
                    <button
                        className="dropdown-item"
                        onClick={[Function]}
                        tabIndex="0"
                        type="button"
                    >
                        About
                    </button>
                </div>
            </li>
        </ul>
        <ul
            className="nav nav-tabs"
        >
            <li
                className="nav-item"
            >
                <a
                    className="active nav-link"
                    onClick={[Function]}
                >
                    initialState
                </a>
            </li>
        </ul>
    </div>
</nav>,
  <div
    className="jumbotron"
>
    <div
        className="tab-content"
    >
        <div
            className="tab-pane active"
        >
            <div
                className="container-fluid"
            >
                <div
                    className="row"
                >
                    <table
                        className="col-md-5 table table-bordered"
                    >
                        <tbody>
                            <tr>
                                <th
                                    className="text-left"
                                    colSpan="5"
                                >
                                    Independent Variables
                                </th>
                            </tr>
                            <tr>
                                <th
                                    className="text-left"
                                    colSpan="2"
                                >
                                    Name
                                </th>
                                <th
                                    className="text-center"
                                    colSpan="2"
                                >
                                    Value
                                </th>
                                <th
                                    className="text-elft"
                                >
                                    Units
                                </th>
                            </tr>
                            <tr>
                                <th
                                    colSpan="2"
                                />
                                <th
                                    className="text-right"
                                    colSpan="2"
                                >
                                    Fix
                                </th>
                                <th />
                            </tr>
                            <tr>
                                <td
                                    className="align-middle"
                                    colSpan="2"
                                >
                                    PRESSURE
                                </td>
                                <td
                                    className="align-middle"
                                    colSpan="2"
                                >
                                    <div
                                        className="input-group"
                                    >
                                        <input
                                            className="text-right form-control"
                                            onChange={[Function]}
                                            type="number"
                                            value={500}
                                        />
                                        <div
                                            className="input-group-append"
                                        >
                                            <span
                                                className="input-group-text"
                                            >
                                                <input
                                                    aria-label="Checkbox for fixed value"
                                                    checked={0}
                                                    className=""
                                                    onChange={[Function]}
                                                    type="checkbox"
                                                />
                                            </span>
                                        </div>
                                    </div>
                                </td>
                                <td
                                    className="text-nowrap align-middle"
                                    colSpan="1"
                                >
                                    LB/SQ-IN
                                </td>
                            </tr>
                            <tr>
                                <td
                                    className="align-middle"
                                    colSpan="2"
                                >
                                    RADIUS
                                </td>
                                <td
                                    className="align-middle"
                                    colSpan="2"
                                >
                                    <div
                                        className="input-group"
                                    >
                                        <input
                                            className="text-right form-control"
                                            onChange={[Function]}
                                            type="number"
                                            value={0.4}
                                        />
                                        <div
                                            className="input-group-append"
                                        >
                                            <span
                                                className="input-group-text"
                                            >
                                                <input
                                                    aria-label="Checkbox for fixed value"
                                                    checked={0}
                                                    className=""
                                                    onChange={[Function]}
                                                    type="checkbox"
                                                />
                                            </span>
                                        </div>
                                    </div>
                                </td>
                                <td
                                    className="text-nowrap align-middle"
                                    colSpan="1"
                                >
                                    INCH
                                </td>
                            </tr>
                            <tr>
                                <td
                                    className="align-middle"
                                    colSpan="2"
                                >
                                    THICKNESS
                                </td>
                                <td
                                    className="align-middle"
                                    colSpan="2"
                                >
                                    <div
                                        className="input-group"
                                    >
                                        <input
                                            className="text-right form-control"
                                            onChange={[Function]}
                                            type="number"
                                            value={0.04}
                                        />
                                        <div
                                            className="input-group-append"
                                        >
                                            <span
                                                className="input-group-text"
                                            >
                                                <input
                                                    aria-label="Checkbox for fixed value"
                                                    checked={0}
                                                    className=""
                                                    onChange={[Function]}
                                                    type="checkbox"
                                                />
                                            </span>
                                        </div>
                                    </div>
                                </td>
                                <td
                                    className="text-nowrap align-middle"
                                    colSpan="1"
                                >
                                    INCH
                                </td>
                            </tr>
                            <tr>
                                <th
                                    className="text-left"
                                    colSpan="5"
                                >
                                    Dependent Variables
                                </th>
                            </tr>
                            <tr>
                                <td
                                    className="align-middle"
                                    colSpan="2"
                                >
                                    FORCE
                                </td>
                                <td
                                    className="align-middle"
                                    colSpan="2"
                                >
                                    <div
                                        className="input-group"
                                    >
                                        <span
                                            className="text-right form-control bg-light"
                                        >
                                            251.3274
                                        </span>
                                        <div
                                            className="input-group-append"
                                        >
                                            <span
                                                className="input-group-text"
                                            >
                                                <input
                                                    aria-label="Checkbox for fixed value"
                                                    checked={0}
                                                    className=""
                                                    onChange={[Function]}
                                                    type="checkbox"
                                                />
                                            </span>
                                        </div>
                                    </div>
                                </td>
                                <td
                                    className="text-nowrap align-middle"
                                    colSpan="1"
                                >
                                    LBS.
                                </td>
                            </tr>
                            <tr>
                                <td
                                    className="align-middle"
                                    colSpan="2"
                                >
                                    AREA
                                </td>
                                <td
                                    className="align-middle"
                                    colSpan="2"
                                >
                                    <div
                                        className="input-group"
                                    >
                                        <span
                                            className="text-right form-control bg-light"
                                        >
                                            0.5027
                                        </span>
                                        <div
                                            className="input-group-append"
                                        >
                                            <span
                                                className="input-group-text"
                                            >
                                                <input
                                                    aria-label="Checkbox for fixed value"
                                                    checked={0}
                                                    className=""
                                                    onChange={[Function]}
                                                    type="checkbox"
                                                />
                                            </span>
                                        </div>
                                    </div>
                                </td>
                                <td
                                    className="text-nowrap align-middle"
                                    colSpan="1"
                                >
                                    SQ.-IN.
                                </td>
                            </tr>
                            <tr>
                                <td
                                    className="align-middle"
                                    colSpan="2"
                                >
                                    STRESS
                                </td>
                                <td
                                    className="align-middle"
                                    colSpan="2"
                                >
                                    <div
                                        className="input-group"
                                    >
                                        <span
                                            className="text-right form-control bg-light"
                                        >
                                            2500.0000
                                        </span>
                                        <div
                                            className="input-group-append"
                                        >
                                            <span
                                                className="input-group-text"
                                            >
                                                <input
                                                    aria-label="Checkbox for fixed value"
                                                    checked={0}
                                                    className=""
                                                    onChange={[Function]}
                                                    type="checkbox"
                                                />
                                            </span>
                                        </div>
                                    </div>
                                </td>
                                <td
                                    className="text-nowrap align-middle"
                                    colSpan="1"
                                >
                                    PSI
                                </td>
                            </tr>
                        </tbody>
                    </table>
                    <table
                        className="col-md-3 table table-bordered"
                    >
                        <tbody>
                            <tr>
                                <th
                                    colSpan="3"
                                >
                                     
                                </th>
                            </tr>
                            <tr>
                                <th
                                    className="text-center"
                                    colSpan="3"
                                >
                                    Min Constraint
                                </th>
                            </tr>
                            <tr>
                                <th
                                    className="text-left"
                                >
                                    Constrain
                                </th>
                                <th
                                    className="text-center"
                                >
                                    Value
                                </th>
                                <th
                                    className="text-right"
                                >
                                    Violation
                                </th>
                            </tr>
                            <tr>
                                <td
                                    className="align-middle"
                                    colSpan="2"
                                >
                                    <div
                                        className="input-group"
                                    >
                                        <div
                                            className="input-group-prepend"
                                        >
                                            <span
                                                className="input-group-text"
                                            >
                                                <input
                                                    aria-label="Checkbox for minimum value"
                                                    checked={0}
                                                    className=""
                                                    disabled={false}
                                                    onChange={[Function]}
                                                    type="checkbox"
                                                />
                                            </span>
                                        </div>
                                        <input
                                            className="text-right form-control"
                                            disabled={true}
                                            onChange={[Function]}
                                            type="number"
                                            value={0}
                                        />
                                    </div>
                                </td>
                                <td
                                    className="text-right align-middle"
                                    colSpan="1"
                                >
                                    
                                </td>
                            </tr>
                            <tr>
                                <td
                                    className="align-middle"
                                    colSpan="2"
                                >
                                    <div
                                        className="input-group"
                                    >
                                        <div
                                            className="input-group-prepend"
                                        >
                                            <span
                                                className="input-group-text"
                                            >
                                                <input
                                                    aria-label="Checkbox for minimum value"
                                                    checked={1}
                                                    className=""
                                                    disabled={false}
                                                    onChange={[Function]}
                                                    type="checkbox"
                                                />
                                            </span>
                                        </div>
                                        <input
                                            className="text-right form-control"
                                            disabled={false}
                                            onChange={[Function]}
                                            type="number"
                                            value={0}
                                        />
                                    </div>
                                </td>
                                <td
                                    className="text-right align-middle"
                                    colSpan="1"
                                >
                                    -1700.0%
                                </td>
                            </tr>
                            <tr>
                                <td
                                    className="align-middle"
                                    colSpan="2"
                                >
                                    <div
                                        className="input-group"
                                    >
                                        <div
                                            className="input-group-prepend"
                                        >
                                            <span
                                                className="input-group-text"
                                            >
                                                <input
                                                    aria-label="Checkbox for minimum value"
                                                    checked={1}
                                                    className=""
                                                    disabled={false}
                                                    onChange={[Function]}
                                                    type="checkbox"
                                                />
                                            </span>
                                        </div>
                                        <input
                                            className="text-right form-control"
                                            disabled={false}
                                            onChange={[Function]}
                                            type="number"
                                            value={0}
                                        />
                                    </div>
                                </td>
                                <td
                                    className="text-right align-middle"
                                    colSpan="1"
                                >
                                    -100.0%
                                </td>
                            </tr>
                            <tr>
                                <th
                                    className="text-left"
                                    colSpan="3"
                                >
                                     
                                </th>
                            </tr>
                            <tr>
                                <td
                                    className="align-middle"
                                    colSpan="2"
                                >
                                    <div
                                        className="input-group"
                                    >
                                        <div
                                            className="input-group-prepend"
                                        >
                                            <span
                                                className="input-group-text"
                                            >
                                                <input
                                                    aria-label="Checkbox for minimum value"
                                                    checked={1}
                                                    className=""
                                                    disabled={false}
                                                    onChange={[Function]}
                                                    type="checkbox"
                                                />
                                            </span>
                                        </div>
                                        <input
                                            className="text-danger text-right font-weight-bold border-danger form-control"
                                            disabled={false}
                                            onChange={[Function]}
                                            type="number"
                                            value={1000}
                                        />
                                    </div>
                                </td>
                                <td
                                    className="text-right align-middle"
                                    colSpan="1"
                                >
                                    74.9%
                                </td>
                            </tr>
                            <tr>
                                <td
                                    className="align-middle"
                                    colSpan="2"
                                >
                                    <div
                                        className="input-group"
                                    >
                                        <div
                                            className="input-group-prepend"
                                        >
                                            <span
                                                className="input-group-text"
                                            >
                                                <input
                                                    aria-label="Checkbox for minimum value"
                                                    checked={0}
                                                    className=""
                                                    disabled={false}
                                                    onChange={[Function]}
                                                    type="checkbox"
                                                />
                                            </span>
                                        </div>
                                        <input
                                            className="text-right form-control"
                                            disabled={true}
                                            onChange={[Function]}
                                            type="number"
                                            value={0}
                                        />
                                    </div>
                                </td>
                                <td
                                    className="text-right align-middle"
                                    colSpan="1"
                                >
                                    
                                </td>
                            </tr>
                            <tr>
                                <td
                                    className="align-middle"
                                    colSpan="2"
                                >
                                    <div
                                        className="input-group"
                                    >
                                        <div
                                            className="input-group-prepend"
                                        >
                                            <span
                                                className="input-group-text"
                                            >
                                                <input
                                                    aria-label="Checkbox for minimum value"
                                                    checked={0}
                                                    className=""
                                                    disabled={false}
                                                    onChange={[Function]}
                                                    type="checkbox"
                                                />
                                            </span>
                                        </div>
                                        <input
                                            className="text-right form-control"
                                            disabled={true}
                                            onChange={[Function]}
                                            type="number"
                                            value={0}
                                        />
                                    </div>
                                </td>
                                <td
                                    className="text-right align-middle"
                                    colSpan="1"
                                >
                                    
                                </td>
                            </tr>
                        </tbody>
                    </table>
                    <table
                        className="col-md-3 table table-bordered"
                    >
                        <tbody>
                            <tr>
                                <th
                                    colSpan="3"
                                >
                                     
                                </th>
                            </tr>
                            <tr>
                                <th
                                    className="text-center"
                                    colSpan="3"
                                >
                                    Max Constraint
                                </th>
                            </tr>
                            <tr>
                                <th
                                    className="text-left"
                                >
                                    Constrain
                                </th>
                                <th
                                    className="text-center"
                                >
                                    Value
                                </th>
                                <th
                                    className="text-right"
                                >
                                    Violation
                                </th>
                            </tr>
                            <tr>
                                <td
                                    className="align-middle"
                                    colSpan="2"
                                >
                                    <div
                                        className="input-group"
                                    >
                                        <div
                                            className="input-group-prepend"
                                        >
                                            <span
                                                className="input-group-text"
                                            >
                                                <input
                                                    aria-label="Checkbox for maximum value"
                                                    checked={1}
                                                    className=""
                                                    disabled={false}
                                                    onChange={[Function]}
                                                    type="checkbox"
                                                />
                                            </span>
                                        </div>
                                        <input
                                            className="text-right form-control"
                                            disabled={false}
                                            onChange={[Function]}
                                            type="number"
                                            value={1500}
                                        />
                                    </div>
                                </td>
                                <td
                                    className="text-right align-middle"
                                    colSpan="1"
                                >
                                    -66.7%
                                </td>
                            </tr>
                            <tr>
                                <td
                                    className="align-middle"
                                    colSpan="2"
                                >
                                    <div
                                        className="input-group"
                                    >
                                        <div
                                            className="input-group-prepend"
                                        >
                                            <span
                                                className="input-group-text"
                                            >
                                                <input
                                                    aria-label="Checkbox for maximum value"
                                                    checked={1}
                                                    className=""
                                                    disabled={false}
                                                    onChange={[Function]}
                                                    type="checkbox"
                                                />
                                            </span>
                                        </div>
                                        <input
                                            className="text-right form-control"
                                            disabled={false}
                                            onChange={[Function]}
                                            type="number"
                                            value={0.5}
                                        />
                                    </div>
                                </td>
                                <td
                                    className="text-right align-middle"
                                    colSpan="1"
                                >
                                    -20.0%
                                </td>
                            </tr>
                            <tr>
                                <td
                                    className="align-middle"
                                    colSpan="2"
                                >
                                    <div
                                        className="input-group"
                                    >
                                        <div
                                            className="input-group-prepend"
                                        >
                                            <span
                                                className="input-group-text"
                                            >
                                                <input
                                                    aria-label="Checkbox for maximum value"
                                                    checked={1}
                                                    className=""
                                                    disabled={false}
                                                    onChange={[Function]}
                                                    type="checkbox"
                                                />
                                            </span>
                                        </div>
                                        <input
                                            className="text-right form-control"
                                            disabled={false}
                                            onChange={[Function]}
                                            type="number"
                                            value={0.05}
                                        />
                                    </div>
                                </td>
                                <td
                                    className="text-right align-middle"
                                    colSpan="1"
                                >
                                    -20.0%
                                </td>
                            </tr>
                            <tr>
                                <th
                                    className="text-left"
                                    colSpan="3"
                                >
                                     
                                </th>
                            </tr>
                            <tr>
                                <td
                                    className="align-middle"
                                    colSpan="2"
                                >
                                    <div
                                        className="input-group"
                                    >
                                        <div
                                            className="input-group-prepend"
                                        >
                                            <span
                                                className="input-group-text"
                                            >
                                                <input
                                                    aria-label="Checkbox for maximum value"
                                                    checked={0}
                                                    className=""
                                                    disabled={false}
                                                    onChange={[Function]}
                                                    type="checkbox"
                                                />
                                            </span>
                                        </div>
                                        <input
                                            className="text-right form-control"
                                            disabled={true}
                                            onChange={[Function]}
                                            type="number"
                                            value={0}
                                        />
                                    </div>
                                </td>
                                <td
                                    className="text-right align-middle"
                                    colSpan="1"
                                >
                                    
                                </td>
                            </tr>
                            <tr>
                                <td
                                    className="align-middle"
                                    colSpan="2"
                                >
                                    <div
                                        className="input-group"
                                    >
                                        <div
                                            className="input-group-prepend"
                                        >
                                            <span
                                                className="input-group-text"
                                            >
                                                <input
                                                    aria-label="Checkbox for maximum value"
                                                    checked={0}
                                                    className=""
                                                    disabled={false}
                                                    onChange={[Function]}
                                                    type="checkbox"
                                                />
                                            </span>
                                        </div>
                                        <input
                                            className="text-right form-control"
                                            disabled={true}
                                            onChange={[Function]}
                                            type="number"
                                            value={0}
                                        />
                                    </div>
                                </td>
                                <td
                                    className="text-right align-middle"
                                    colSpan="1"
                                >
                                    
                                </td>
                            </tr>
                            <tr>
                                <td
                                    className="align-middle"
                                    colSpan="2"
                                >
                                    <div
                                        className="input-group"
                                    >
                                        <div
                                            className="input-group-prepend"
                                        >
                                            <span
                                                className="input-group-text"
                                            >
                                                <input
                                                    aria-label="Checkbox for maximum value"
                                                    checked={1}
                                                    className=""
                                                    disabled={false}
                                                    onChange={[Function]}
                                                    type="checkbox"
                                                />
                                            </span>
                                        </div>
                                        <input
                                            className="text-right form-control"
                                            disabled={false}
                                            onChange={[Function]}
                                            type="number"
                                            value={3000}
                                        />
                                    </div>
                                </td>
                                <td
                                    className="text-right align-middle"
                                    colSpan="1"
                                >
                                    -16.7%
                                </td>
                            </tr>
                        </tbody>
                    </table>
                </div>
                <div
                    className="row"
                >
                    <div
                        className="col-md-12 col"
                    >
                        <span
                            className="font-weight-bold"
                        >
                            Result
                        </span>
                    </div>
                </div>
                <div
                    className="row"
                >
                    <table
                        className="col-md-2 table"
                    >
                        <tbody>
                            <tr>
                                <th>
                                    OBJMIN:
                                </th>
                                <td
                                    className="text-right"
                                >
                                    0.000050
                                </td>
                            </tr>
                            <tr>
                                <th>
                                    Objective Value:
                                </th>
                                <td
                                    className="text-right text-danger font-weight-bold"
                                >
                                    0.560511
                                </td>
                            </tr>
                        </tbody>
                    </table>
                    <table
                        className="col-md-4 table"
                    >
                        <tbody>
                            <tr>
                                <th>
                                    Termination Condition:
                                </th>
                                <td
                                    className="text-right"
                                    colSpan="2"
                                >
                                    None
                                </td>
                            </tr>
                            <tr>
                                <th>
                                    Feasibility:
                                </th>
                                <td
                                    className="text-right text-danger font-weight-bold"
                                    colSpan="2"
                                >
                                    NOT FEASIBLE
                                </td>
                            </tr>
                        </tbody>
                    </table>
                </div>
            </div>
        </div>
    </div>
</div>,
]
`;
